[0, 0] => Conjured Mana Cake, -1, 0 
[0, 10] => Conjured Mana Cake, -1, 6 
[0, 49] => Conjured Mana Cake, -1, 45 
[0, 50] => Conjured Mana Cake, -1, 46 
[6, 0] => Conjured Mana Cake, 5, 0 
[6, 10] => Conjured Mana Cake, 5, 8 
[6, 49] => Conjured Mana Cake, 5, 47 
[6, 50] => Conjured Mana Cake, 5, 48 
[11, 0] => Conjured Mana Cake, 10, 0 
[11, 10] => Conjured Mana Cake, 10, 8 
[11, 49] => Conjured Mana Cake, 10, 47 
[11, 50] => Conjured Mana Cake, 10, 48 
[12, 0] => Conjured Mana Cake, 11, 0 
[12, 10] => Conjured Mana Cake, 11, 8 
[12, 49] => Conjured Mana Cake, 11, 47 
[12, 50] => Conjured Mana Cake, 11, 48 
